2026-06-14 21:05:28 [ERROR] Generation failed {"certificate_id":"CYB-2026-06-000001","error":"Class \"chillerlan\\QRCode\\QROptions\" not found"}
2026-06-14 21:06:11 [INFO] Certificate created {"certificate_id":"CYB-2026-06-000002","user_id":6}
2026-06-14 22:50:39 [INFO] Certificate created {"certificate_id":"CYB-2026-06-000004","user_id":11}
2026-06-15 10:37:13 [INFO] Certificate created {"certificate_id":"CYB-2026-06-000005","user_id":12}
2026-06-15 10:37:57 [INFO] Certificate email sent {"certificate_id":"CYB-2026-06-000005","to":"akshataingale12@gmail.com"}
2026-06-15 12:28:06 [WARNING] PDF to PNG rasterizer unavailable; using GD fallback from HTML layout {"certificate_id":"CYB-LAYOUT-PREVIEW"}
2026-06-15 12:28:07 [WARNING] PDF to PNG rasterizer unavailable; using GD fallback from HTML layout {"certificate_id":"CYB-LAYOUT-PREVIEW-BC"}
2026-06-15 12:32:20 [WARNING] PDF to PNG rasterizer unavailable; using GD fallback from HTML layout {"certificate_id":"CYB-LAYOUT-PREVIEW"}
2026-06-15 12:32:20 [WARNING] PDF to PNG rasterizer unavailable; using GD fallback from HTML layout {"certificate_id":"CYB-LAYOUT-PREVIEW-BC"}
2026-06-15 12:35:07 [WARNING] PDF to PNG rasterizer unavailable; using GD fallback from HTML layout {"certificate_id":"CYB-LAYOUT-PREVIEW"}
2026-06-15 12:35:08 [WARNING] PDF to PNG rasterizer unavailable; using GD fallback from HTML layout {"certificate_id":"CYB-LAYOUT-PREVIEW-BC"}
2026-06-15 12:38:30 [WARNING] PDF to PNG rasterizer unavailable; using GD fallback from HTML layout {"certificate_id":"CYB-LAYOUT-PREVIEW"}
2026-06-15 12:38:31 [WARNING] PDF to PNG rasterizer unavailable; using GD fallback from HTML layout {"certificate_id":"CYB-LAYOUT-PREVIEW-BC"}
2026-06-15 12:39:48 [WARNING] PDF to PNG rasterizer unavailable; using GD fallback from HTML layout {"certificate_id":"CYB-LAYOUT-PREVIEW"}
2026-06-15 12:39:49 [WARNING] PDF to PNG rasterizer unavailable; using GD fallback from HTML layout {"certificate_id":"CYB-LAYOUT-PREVIEW-BC"}
2026-06-15 16:17:00 [INFO] Certificate created {"certificate_id":"CYB-2026-06-000006","user_id":18}
2026-06-15 16:17:09 [INFO] Certificate email sent {"certificate_id":"CYB-2026-06-000006","to":"akshataingale2@gmail.com"}
2026-06-15 17:19:29 [INFO] Certificate created {"certificate_id":"CYB-2026-06-000001","user_id":19}
2026-06-15 17:23:04 [ERROR] Webinar certificate exception {"registration_id":11,"error":"SQLSTATE[23000]: Integrity constraint violation: 1062 Duplicate entry 'CYB-2026-06-000001' for key 'uq_certificates_cert_id'"}
2026-06-15 17:23:41 [INFO] Certificate created {"certificate_id":"CYB-2026-06-000007","user_id":20}
2026-06-15 17:23:58 [INFO] Certificate email sent {"certificate_id":"CYB-2026-06-000007","to":"akshataingale0@gmail.com"}
2026-06-15 17:23:58 [INFO] Webinar certificate issued on attendance {"registration_id":11,"certificate_id":"CYB-2026-06-000007","email_sent":true}
2026-06-15 17:31:53 [INFO] Certificate created {"certificate_id":"CYB-2026-06-000008","user_id":21}
2026-06-15 17:32:06 [INFO] Certificate email sent {"certificate_id":"CYB-2026-06-000008","to":"akshataingale290@gmail.com"}
2026-06-15 17:32:06 [INFO] Webinar certificate issued on attendance {"registration_id":12,"certificate_id":"CYB-2026-06-000008","email_sent":true}
2026-06-15 17:58:32 [INFO] Certificate created {"certificate_id":"CYB-2026-06-000009","user_id":22}
2026-06-15 17:58:40 [INFO] Certificate email sent {"certificate_id":"CYB-2026-06-000009","to":"bhimaagase700@gmail.com"}
2026-06-15 17:58:40 [INFO] Webinar certificate issued on attendance {"registration_id":13,"certificate_id":"CYB-2026-06-000009","email_sent":true}
2026-06-15 18:36:22 [INFO] Certificate created {"certificate_id":"CYB-2026-06-000001","user_id":25}
2026-06-15 18:36:28 [INFO] Certificate email sent {"certificate_id":"CYB-2026-06-000001","to":"akshataingale2003@gmail.com"}
2026-06-15 18:36:28 [INFO] Webinar certificate issued on attendance {"registration_id":14,"certificate_id":"CYB-2026-06-000001","email_sent":true}
2026-06-15 18:46:20 [ERROR] Generation failed {"certificate_id":"CYB-2026-06-000005","error":"Unable to load certificate template."}
2026-06-15 18:46:20 [ERROR] Generation failed {"certificate_id":"CYB-2026-06-000006","error":"Unable to load certificate template."}
2026-06-15 18:54:36 [ERROR] Generation failed {"certificate_id":"CYB-2026-06-000005","error":"Unable to load certificate template."}
